<form method="POST">
    <div id="my_name_wrap"  style="display: none" aria-hidden="true">
        <input id="my_name"
               name="my_name"
               type="text"
               value=""
                              autocomplete="nope"
               tabindex="-1">
        <input name="valid_from"
               type="text"
               value="1546300801-encrypted"
                              autocomplete="off"
               tabindex="-1">
    </div>
    <input name="myField" type="text">
</form>